// Jest Snapshot v1, https://goo.gl/fbAQLP

exports[`Todo should render correctly 1`] = `
<View
  style={
    Array [
      Object {
        "backgroundColor": "#dbddde",
        "overflow": "hidden",
      },
      undefined,
    ]
  }
>
  <View
    onLayout={[Function]}
    onMoveShouldSetResponder={[Function]}
    onMoveShouldSetResponderCapture={[Function]}
    onResponderEnd={[Function]}
    onResponderGrant={[Function]}
    onResponderMove={[Function]}
    onResponderReject={[Function]}
    onResponderRelease={[Function]}
    onResponderStart={[Function]}
    onResponderTerminate={[Function]}
    onResponderTerminationRequest={[Function]}
    onStartShouldSetResponder={[Function]}
    onStartShouldSetResponderCapture={[Function]}
    style={
      Array [
        Object {},
        Object {
          "transform": Array [
            Object {
              "translateX": 0,
            },
          ],
        },
      ]
    }
  >
    <View
      style={
        Object {
          "alignItems": "center",
          "backgroundColor": "#FFF",
          "borderBottomColor": "#CCC",
          "borderBottomWidth": 0.5,
          "flexDirection": "row",
          "height": 50,
          "justifyContent": "space-between",
          "paddingHorizontal": 15,
          "width": "100%",
        }
      }
    >
      <View>
        <Text
          accessible={true}
          allowFontScaling={true}
          ellipsizeMode="tail"
        />
      </View>
    </View>
  </View>
  <View />
  <View />
</View>
`;
