// Jest Snapshot v1, https://goo.gl/fbAQLP

exports[`TodoList should render correctly 1`] = `
<View
  style={
    Object {
      "backgroundColor": "#fff",
      "flex": 1,
      "height": 1334,
    }
  }
>
  <View>
    <Modal
      animationType="slide"
      hardwareAccelerated={false}
      onRequestClose={[Function]}
      transparent={false}
      visible={false}
    >
      <View
        style={
          Object {
            "flex": 1,
          }
        }
      >
        <View
          style={
            Object {
              "backgroundColor": "#fff",
              "flex": 1,
              "height": 1334,
            }
          }
        >
          <View
            style={
              Array [
                Object {
                  "backgroundColor": "#F8F8F8",
                  "borderColor": "#cbcbcb",
                  "borderTopWidth": 0.5,
                  "elevation": 3,
                  "flexDirection": "row",
                  "height": 55,
                  "justifyContent": "center",
                  "left": 0,
                  "paddingBottom": 0,
                  "right": 0,
                },
                Object {
                  "backgroundColor": "#EEE",
                  "borderColor": "#CCC",
                  "borderTopWidth": 0.5,
                  "flexDirection": "row",
                  "justifyContent": "space-between",
                  "paddingHorizontal": 20,
                  "paddingVertical": 5,
                },
              ]
            }
            transparent={true}
          >
            <View
              accessible={true}
              isTVSelectable={true}
              onResponderGrant={[Function]}
              onResponderMove={[Function]}
              onResponderRelease={[Function]}
              onResponderTerminate={[Function]}
              onResponderTerminationRequest={[Function]}
              onStartShouldSetResponder={[Function]}
              style={
                Object {
                  "alignItems": "center",
                  "alignSelf": "flex-start",
                  "backgroundColor": "#b5b5b5",
                  "borderBottomWidth": null,
                  "borderColor": "#007aff",
                  "borderLeftWidth": null,
                  "borderRadius": 5,
                  "borderRightWidth": null,
                  "borderTopWidth": null,
                  "borderWidth": undefined,
                  "elevation": 2,
                  "flexDirection": "row",
                  "height": 45,
                  "justifyContent": "space-between",
                  "opacity": 1,
                  "paddingBottom": 6,
                  "paddingTop": 6,
                  "shadowColor": undefined,
                  "shadowOffset": undefined,
                  "shadowOpacity": undefined,
                  "shadowRadius": undefined,
                }
              }
            >
              <Text
                accessible={true}
                allowFontScaling={true}
                ellipsizeMode="tail"
                style={
                  Object {
                    "backgroundColor": "transparent",
                    "color": "#fff",
                    "fontFamily": "System",
                    "fontSize": 16.5,
                    "marginLeft": 0,
                    "marginRight": 0,
                    "paddingLeft": 16,
                    "paddingRight": 16,
                  }
                }
                uppercase={false}
              >
                Save
              </Text>
            </View>
            <View
              accessible={true}
              isTVSelectable={true}
              onResponderGrant={[Function]}
              onResponderMove={[Function]}
              onResponderRelease={[Function]}
              onResponderTerminate={[Function]}
              onResponderTerminationRequest={[Function]}
              onStartShouldSetResponder={[Function]}
              style={
                Object {
                  "alignItems": "center",
                  "alignSelf": "flex-start",
                  "backgroundColor": "#d9534f",
                  "borderBottomWidth": null,
                  "borderColor": "#007aff",
                  "borderLeftWidth": null,
                  "borderRadius": 5,
                  "borderRightWidth": null,
                  "borderTopWidth": null,
                  "borderWidth": undefined,
                  "elevation": 2,
                  "flexDirection": "row",
                  "height": 45,
                  "justifyContent": "space-between",
                  "opacity": 1,
                  "paddingBottom": 6,
                  "paddingTop": 6,
                  "shadowColor": undefined,
                  "shadowOffset": undefined,
                  "shadowOpacity": undefined,
                  "shadowRadius": undefined,
                }
              }
            >
              <Text
                accessible={true}
                allowFontScaling={true}
                ellipsizeMode="tail"
                style={
                  Object {
                    "backgroundColor": "transparent",
                    "color": "#fff",
                    "fontFamily": "System",
                    "fontSize": 16.5,
                    "marginLeft": 0,
                    "marginRight": 0,
                    "paddingLeft": 16,
                    "paddingRight": 16,
                  }
                }
                uppercase={false}
              >
                Cancel
              </Text>
            </View>
          </View>
        </View>
      </View>
    </Modal>
  </View>
</View>
`;
